NAMESPACE            NAME                                             READY   STATUS             RESTARTS   AGE
kube-system          pod/coredns-674b8bbfcf-29pl8                     1/1     Running            0          31m
kube-system          pod/coredns-674b8bbfcf-tpbd7                     1/1     Running            0          31m
kube-system          pod/etcd-kind-control-plane                      1/1     Running            0          31m
kube-system          pod/kindnet-2lcw6                                1/1     Running            0          31m
kube-system          pod/kindnet-48vv7                                1/1     Running            0          31m
kube-system          pod/kindnet-6n2h7                                1/1     Running            0          31m
kube-system          pod/kindnet-7xkxt                                1/1     Running            0          31m
kube-system          pod/kindnet-flf54                                1/1     Running            0          31m
kube-system          pod/kindnet-pdsb7                                1/1     Running            0          31m
kube-system          pod/kindnet-sxb47                                1/1     Running            0          31m
kube-system          pod/kube-apiserver-kind-control-plane            1/1     Running            0          31m
kube-system          pod/kube-controller-manager-kind-control-plane   1/1     Running            0          31m
kube-system          pod/kube-proxy-55w5x                             1/1     Running            0          31m
kube-system          pod/kube-proxy-ld2xc                             1/1     Running            0          31m
kube-system          pod/kube-proxy-m2tr7                             1/1     Running            0          31m
kube-system          pod/kube-proxy-qt48j                             1/1     Running            0          31m
kube-system          pod/kube-proxy-rzdf8                             1/1     Running            0          31m
kube-system          pod/kube-proxy-stvcm                             1/1     Running            0          31m
kube-system          pod/kube-proxy-xwmfx                             1/1     Running            0          31m
kube-system          pod/kube-scheduler-kind-control-plane            1/1     Running            0          31m
local-path-storage   pod/local-path-provisioner-7dc846544d-p6d62      1/1     Running            0          31m
mysql                pod/mysql-0                                      1/1     Running            0          27m
mysql                pod/mysql-1                                      0/1     ImagePullBackOff   0          26m
todoapp              pod/todoapp-59bc8f5b95-4zst9                     1/1     Running            0          23m
todoapp              pod/todoapp-59bc8f5b95-hgghf                     1/1     Running            0          23m

NAMESPACE     NAME                       TYPE        CLUSTER-IP      EXTERNAL-IP   PORT(S)                  AGE
default       service/kubernetes         ClusterIP   10.96.0.1       <none>        443/TCP                  31m
kube-system   service/kube-dns           ClusterIP   10.96.0.10      <none>        53/UDP,53/TCP,9153/TCP   31m
mysql         service/mysql              ClusterIP   None            <none>        3306/TCP                 27m
todoapp       service/todoapp-nodeport   NodePort    10.96.15.184    <none>        80:30007/TCP             27m
todoapp       service/todoapp-service    ClusterIP   10.96.252.195   <none>        80/TCP                   27m

NAMESPACE     NAME                        DESIRED   CURRENT   READY   UP-TO-DATE   AVAILABLE   NODE SELECTOR            AGE
kube-system   daemonset.apps/kindnet      7         7         7       7            7           kubernetes.io/os=linux   31m
kube-system   daemonset.apps/kube-proxy   7         7         7       7            7           kubernetes.io/os=linux   31m

NAMESPACE            NAME                                     READY   UP-TO-DATE   AVAILABLE   AGE
kube-system          deployment.apps/coredns                  2/2     2            2           31m
local-path-storage   deployment.apps/local-path-provisioner   1/1     1            1           31m
todoapp              deployment.apps/todoapp                  2/2     2            2           23m

NAMESPACE            NAME                                                DESIRED   CURRENT   READY   AGE
kube-system          replicaset.apps/coredns-674b8bbfcf                  2         2         2       31m
local-path-storage   replicaset.apps/local-path-provisioner-7dc846544d   1         1         1       31m
todoapp              replicaset.apps/todoapp-59bc8f5b95                  2         2         2       23m

NAMESPACE   NAME                     READY   AGE
mysql       statefulset.apps/mysql   1/2     27m

NAMESPACE   NAME                                          REFERENCE            TARGETS                                     MINPODS   MAXPODS   REPLICAS   AGE
todoapp     horizontalpodautoscaler.autoscaling/todoapp   Deployment/todoapp   cpu: <unknown>/70%, memory: <unknown>/70%   2         5         2          27m

NAMESPACE            NAME                                                             DATA   AGE
default              configmap/kube-root-ca.crt                                       1      31m
kube-node-lease      configmap/kube-root-ca.crt                                       1      31m
kube-public          configmap/cluster-info                                           2      31m
kube-public          configmap/kube-root-ca.crt                                       1      31m
kube-system          configmap/coredns                                                1      31m
kube-system          configmap/extension-apiserver-authentication                     6      31m
kube-system          configmap/kube-apiserver-legacy-service-account-token-tracking   1      31m
kube-system          configmap/kube-proxy                                             2      31m
kube-system          configmap/kube-root-ca.crt                                       1      31m
kube-system          configmap/kubeadm-config                                         1      31m
kube-system          configmap/kubelet-config                                         1      31m
local-path-storage   configmap/kube-root-ca.crt                                       1      31m
local-path-storage   configmap/local-path-config                                      4      31m
mysql                configmap/kube-root-ca.crt                                       1      27m
mysql                configmap/mysql                                                  1      27m
todoapp              configmap/app-config                                             1      27m
todoapp              configmap/kube-root-ca.crt                                       1      27m

NAMESPACE     NAME                                   TYPE                            DATA   AGE
default       secret/sh.helm.release.v1.todoapp.v1   helm.sh/release.v1              1      27m
default       secret/sh.helm.release.v1.todoapp.v2   helm.sh/release.v1              1      23m
default       secret/sh.helm.release.v1.todoapp.v3   helm.sh/release.v1              1      8m1s
kube-system   secret/bootstrap-token-abcdef          bootstrap.kubernetes.io/token   6      31m
mysql         secret/mysql-secrets                   Opaque                          3      27m
todoapp       secret/app-secret                      Opaque                          5      27m

NAMESPACE   NAME                                        CLASS    HOSTS   ADDRESS   PORTS   AGE
todoapp     ingress.networking.k8s.io/todoapp-ingress   <none>   *                 80      27m
